<resources count="1">
    <file size="2250793" name="0AA29900.jpeg" ctime="1553344567" source="mail" id="file:168603511049701582/2"
          type="image/jpeg">
        <metainfo>
            <meta name="fid" value="1"/>
            <meta name="date" value="1553344564"/>
            <meta name="ImapModSeq" value=""/>
            <meta name="preview"
                  value="http://webattach.mail.yandex.net/message_part_real/0AA29900.jpeg?sid=&amp;name=0AA29900.jpeg&amp;ids=168603511049701582&amp;thumb=y"/>
            <meta name="hid" value="2"/>
            <meta name="bcc" value=""/>
            <meta name="references" value=""/>
            <meta name="subject" value="Re[2]: приглашу сейчас,олрал,можно взаимно"/>
            <meta name="part" value="2"/>
            <meta name="mid" value="168603511049701582"/>
            <meta name="stid" value="320.mail:330167746.E1607404:217023252321424188702315998256"/>
            <meta name="attach_size" value="6005592"/>
            <meta name="thread_id" value="168603511049701576"/>
            <meta name="reply_to" value="&quot;misham.ivanov@mail.ru&quot; &lt;misham.ivanov@mail.ru&gt;"/>
            <meta name="imapId" value="9988"/>
            <meta name="tab" value="default"/>
            <meta name="received_date" value="1553344567"/>
            <meta name="from" value="&quot;Мишам Иванов&quot; &lt;misham.ivanov@mail.ru&gt;"/>
            <meta name="firstline" value="Суббота, 23 марта 2019, 15:34 +03:00 от Д Д &lt;telephone.d@yandex.ru&gt;:"/>
            <meta name="rfcId" value="&lt;1553344564.939791852@f480.i.mail.ru&gt;"/>
            <meta name="cc" value=""/>
            <meta name="hdrLastStatus" value=""/>
            <meta name="types" value="4&#10;46&#10;54&#10;103"/>
            <meta name="attachname" value="0AA29900.jpeg"/>
            <meta name="inReplyTo" value=""/>
            <meta name="attachsize_b" value="2250793"/>
            <meta name="uidl" value=""/>
            <meta name="url"
                  value="http://webattach.mail.yandex.net/message_part_real/0AA29900.jpeg?sid=&amp;name=0AA29900.jpeg&amp;ids=168603511049701582"/>
            <meta name="revision" value="59216"/>
            <meta name="labels"
                  value="1&#10;104&#10;113&#10;18&#10;60&#10;87&#10;FAKE_ATTACHED_LBL&#10;FAKE_RECENT_LBL&#10;FAKE_SEEN_LBL"/>
            <meta name="st_id" value="320.mail:330167746.E1607404:217023252321424188702315998256"/>
            <meta name="size" value="8225701"/>
            <meta name="extra_data" value="telephone.d@yandex.ru"/>
            <meta name="new_count" value="0"/>
            <meta name="recv_date" value="1553344567"/>
            <meta name="mimetype" value="image/jpeg"/>
            <meta name="thread_count" value="0"/>
            <meta name="to" value="&quot;telephone.d@yandex.ru&quot; &lt;telephone.d@yandex.ru&gt;"/>
            <meta name="att_count" value="3"/>
            <meta name="status" value=""/>
        </metainfo>
    </file>
</resources>