{
    "categories": [
        {
            "acceptGoodContent": true,
            "acceptWhiteContent": false,
            "outputType": "GURU",
            "name": "категория 555",
            "id": 555,
            "path": [
                "категория 555"
            ],
            "freezePartnerContent": "UNDEFINED"
        },
        {
            "acceptGoodContent": false,
            "acceptWhiteContent": false,
            "outputType": "UNDEFINED",
            "name": "категория 555/категория 777",
            "id": 777,
            "path": [
                "категория 555",
                "категория 777"
            ],
            "freezePartnerContent": "UNDEFINED"
        }
    ],
    "paging": {}
}
