{
    "paging": {},
    "campaigns": [
        {
            "internalName": "ЗАО Одуванчик",
            "partnerId": 102,
            "campaignId": 220,
            "businessId": 100,
            "clientId": 221,
            "type": "SUPPLIER",
            "placementTypes": [
                "CROSSDOCK"
            ]
        }
    ]
}
