{
    "paging": {},
    "campaigns": [
        {
            "internalName": "подключенный размещающийся ДСБС",
            "partnerId": 1001,
            "campaignId": 1001,
            "businessId": 10001,
            "type": "SHOP",
            "placementTypes": [
                "DROPSHIP_BY_SELLER"
            ],
            "clientId": 259
        }
    ]
}
