{
    "paging": {},
    "campaigns": [
        {
            "internalName": "Крос док",
            "partnerId": 500,
            "campaignId": 250,
            "businessId": 501,
            "type": "SUPPLIER",
            "placementTypes": [
                "FULFILLMENT",
                "CROSSDOCK"
            ],
            "partnerStatus": {
                "program": "marketplace",
                "status": "empty",
                "isEnabled": false,
                "subStatuses": [],
                "needTestingState": "not_required",
                "newbie": false
            },
            "clientId": 251
        }
    ]
}
