<?xml version="1.0" encoding="UTF-8"?>
<dataset>
    <source
            id="1"
            code="test_src"
            tracks_checked_at="2018-01-01"
    />

    <delivery_service
            id="101"
            source_code="test_src_code"
            code="test_ds"
            name="test_delivery_service_1"
            url="test_delivery_service_1_url"
            request_interval="15"
            is_active="true"
            source_id="1"
    />

    <consumer
            id="10"
            name="testConsumer"
    />

    <delivery_track/>

    <track_request_meta
            id="1"
            service_id="101"
            token="token"
            url="url"
            name="name"
            type="1"
            version="3"
            is_active="true"
    />

    <tracking_batch/>

    <assigned_tracking_batches/>
</dataset>
