[
  {
    "content_type": "GRADE",
    "data": {
      "author": {
        "is_logged_in": true,
        "uid": 4
      },
      "content_type": "GRADE",
      "cr_time_ms": 1609459200000,
      "data": {
        "imported": false
      },
      "id": 13,
      "is_anonymous": false,
      "mod_state": "APPROVED",
      "root_id": 4,
      "root_type": "SHOP",
      "state": "CURRENT",
      "uid": 4
    },
    "id": 13,
    "root_id": 4,
    "root_type": "SHOP",
    "uid": 4
  }
]