{
    "className": "GetCompensatedOrdersPiResponse",
    "result": [103919],
    "actions": "partners/{partnerId}/pi/orders/get-compensated-orders"
}
