<dataset>
    <checkpoint_log
            entity_id="4"
            entity_type="MOVEMENT"
            checkpoint="PENDING"
            checkpoint_date="2021-11-10 17:42:49 +0300"
    />
</dataset>
