// Jest Snapshot v1, https://goo.gl/fbAQLP

exports[`AbcDutyScheduleEdit Should render schedule edit form 1`] = `
<ModalLayout
  className="abc-duty-schedule-edit"
>
  <Wrapper>
    <Aside
      className="abc-duty-schedule-edit__aside"
      key="aside"
    >
      <abc-duty-schedule-edit__filter
        onChange={[Function]}
        roles={Array []}
        value={
          Array [
            null,
          ]
        }
      />
      <abc-duty-schedule-edit__people-list
        onChange={[Function]}
        people={Object {}}
        selected={null}
      />
    </Aside>
    <abc-duty-schedule-edit__main
      absences={Array []}
      dateFrom={2019-02-01T00:00:00.000Z}
      dateTo={2019-02-07T00:00:00.000Z}
      key="main"
      onOpenShiftEditClick={[Function]}
      schedules={Object {}}
    />
    <spin2
      key="spin"
      position="center"
      progress={false}
      size="m"
      tone="default"
      view="default"
    />
    <ShiftEditModal
      key="shiftEditModal"
      onCancel={[Function]}
      onCrossClick={[Function]}
      onSave={[Function]}
      scope="schedule-edit"
      shiftEditId={null}
    />
  </Wrapper>
</ModalLayout>
`;
