// Jest Snapshot v1, https://goo.gl/fbAQLP

exports[`AbcSortableList__Item Should render disabled sortable list 1`] = `
<div
  className="abc-sortable-list__item"
  data-lego="react"
  style={Object {}}
>
  <Connect(Draggable)
    disableInteractiveElementBlocking={false}
    draggableId="test_2"
    index={2}
    isDragDisabled={true}
    shouldRespectForcePress={false}
  >
    <Component />
  </Connect(Draggable)>
</div>
`;
