// Jest Snapshot v1, https://goo.gl/fbAQLP

exports[`CalendarMessage Should render CalendarMessage 1`] = `
<div
  className="DutyCalendarMessage"
>
  <div
    className="DutyCalendarMessage-Header"
  >
    HEADER
  </div>
  <div
    className="DutyCalendarMessage-Text"
    key="0/.0"
  >
    <div>
      1
    </div>
  </div>
  <div
    className="DutyCalendarMessage-Text"
    key="1/.1"
  >
    <div>
      2
    </div>
  </div>
</div>
`;
