// Jest Snapshot v1, https://goo.gl/fbAQLP

exports[`Chosen_type_staff Should render simple component 1`] = `
<div
  className="Chosen Chosen_type_staff"
  title="Test Title"
>
  <SimpleComposeWrapper [size:m|s]
    className="Chosen-Avatar"
    lodpiUrl="//center.yandex-team.ru/api/v1/user/testlogin/avatar/100.jpg"
  >
    <RegistryResolver(UserPic)
      className="UserPic Chosen-Avatar"
      lodpiUrl="//center.yandex-team.ru/api/v1/user/testlogin/avatar/100.jpg"
    >
      <WithBemMod(UserPic)[hasCamera:true]
        className="UserPic Chosen-Avatar"
        lodpiUrl="//center.yandex-team.ru/api/v1/user/testlogin/avatar/100.jpg"
      >
        <RegistryResolver(UserPic)
          className="UserPic Chosen-Avatar"
          lodpiUrl="//center.yandex-team.ru/api/v1/user/testlogin/avatar/100.jpg"
        >
          <UserPic
            className="UserPic Chosen-Avatar"
            lodpiUrl="//center.yandex-team.ru/api/v1/user/testlogin/avatar/100.jpg"
          >
            <div
              className="UserPic Chosen-Avatar"
            >
              <img
                className="UserPic-Image"
                src="//center.yandex-team.ru/api/v1/user/testlogin/avatar/100.jpg"
              />
            </div>
          </UserPic>
        </RegistryResolver(UserPic)>
      </WithBemMod(UserPic)[hasCamera:true]>
    </RegistryResolver(UserPic)>
  </SimpleComposeWrapper [size:m|s]>
  <div
    className="Chosen-Description"
  >
    <span
      className="Chosen-Name"
    >
      Test Title
    </span>
  </div>
</div>
`;
