// Jest Snapshot v1, https://goo.gl/fbAQLP

exports[`Should render default ComplaintModal 1`] = `
<div
  class="ComplaintItem Block-Element"
>
  <div
    class="ComplaintItem-Message"
  >
    Message
  </div>
  <div
    class="ComplaintItem-Data"
  >
    17 сент. 2019
  </div>
</div>
`;
