// Jest Snapshot v1, https://goo.gl/fbAQLP

exports[`DutyCalendarGrid-DateDay Should render date-day 1`] = `
<div
  className="Duty2CalendarGrid-DateDay Duty2CalendarGrid-DateDay_scale_day"
  data-date={2}
  data-day="Sa"
>
  <div
    className="Duty2CalendarGrid-DateStatus Duty2CalendarGrid-DateStatus_type_nothing"
    key="status"
  />
</div>
`;

exports[`DutyCalendarGrid-DateDay Should render date-day with month 1`] = `
<div
  className="Duty2CalendarGrid-DateDay Duty2CalendarGrid-DateDay_scale_day"
  data-date={1}
  data-day="Fr"
>
  <DateMonth
    date={2019-01-31T21:00:00.000Z}
    key="month"
    scale="day"
  />
  <div
    className="Duty2CalendarGrid-DateStatus Duty2CalendarGrid-DateStatus_type_nothing"
    key="status"
  />
</div>
`;
