// Jest Snapshot v1, https://goo.gl/fbAQLP

exports[`IotValueWithUnit Должно корректно отрендериться безразмерная величина 1`] = `
<Fragment>
  123.456
</Fragment>
`;

exports[`IotValueWithUnit Должно корректно отрендериться значение в амперах 1`] = `
<Fragment>
  0.32
  <IotUnit
    unit="unit.ampere"
  />
</Fragment>
`;

exports[`IotValueWithUnit Должно корректно отрендериться значение в ваттах 1`] = `
<Fragment>
  1344.82
  <IotUnit
    unit="unit.watt"
  />
</Fragment>
`;

exports[`IotValueWithUnit Должно корректно отрендериться значение в вольтах 1`] = `
<Fragment>
  223.1
  <IotUnit
    unit="unit.volt"
  />
</Fragment>
`;

exports[`IotValueWithUnit Должно корректно отрендериться значение в градусах Цельсия 1`] = `
<Fragment>
  238.333
  <IotUnit
    unit="unit.temperature.celsius"
  />
</Fragment>
`;

exports[`IotValueWithUnit Должно корректно отрендериться значение в кельвинах 1`] = `
<Fragment>
  291.111
  <IotUnit
    unit="unit.temperature.kelvin"
  />
</Fragment>
`;

exports[`IotValueWithUnit Должно корректно отрендериться значение в процентах 1`] = `
<Fragment>
  89
  <IotUnit
    unit="unit.percent"
  />
</Fragment>
`;

exports[`IotValueWithUnit Должно корректно отрендериться частиц на миллион 1`] = `
<Fragment>
  2336
  <IotUnit
    unit="unit.ppm"
  />
</Fragment>
`;
