// Jest Snapshot v1, https://goo.gl/fbAQLP

exports[`Chat Info Tests Should render UserCardLinks 1`] = `
<div>
  <h4>
    Карточка пользователя
  </h4>
  <div>
    <Link
      href="#/clients/70cea50e-e079-45c3-996c-d65bcb8e7dd2/info"
      target="_blank"
    >
      КЦ
    </Link>
    <span>
       • 
    </span>
    <Link
      href="#/clients/70cea50e-e079-45c3-996c-d65bcb8e7dd2/sessions"
      target="_blank"
    >
      Сессии
    </Link>
    <span>
       • 
    </span>
    <Link
      href="#/clients/70cea50e-e079-45c3-996c-d65bcb8e7dd2/bonuses"
      target="_blank"
    >
      Бонусы
    </Link>
    <span>
       • 
    </span>
    <Link
      href="#/clients/70cea50e-e079-45c3-996c-d65bcb8e7dd2/billing"
      target="_blank"
    >
      Биллинг
    </Link>
    <span>
       • 
    </span>
    <Link
      href="#/clients/70cea50e-e079-45c3-996c-d65bcb8e7dd2/info-old"
      target="_blank"
    >
      Обзор
    </Link>
  </div>
</div>
`;

exports[`Chat Info Tests Should render UserCardLinks with empty title 1`] = `
<div>
  <h4 />
  <div>
    <Link
      href="#/clients/70cea50e-e079-45c3-996c-d65bcb8e7dd2/info"
      target="_blank"
    >
      КЦ
    </Link>
    <span>
       • 
    </span>
    <Link
      href="#/clients/70cea50e-e079-45c3-996c-d65bcb8e7dd2/sessions"
      target="_blank"
    >
      Сессии
    </Link>
    <span>
       • 
    </span>
    <Link
      href="#/clients/70cea50e-e079-45c3-996c-d65bcb8e7dd2/bonuses"
      target="_blank"
    >
      Бонусы
    </Link>
    <span>
       • 
    </span>
    <Link
      href="#/clients/70cea50e-e079-45c3-996c-d65bcb8e7dd2/billing"
      target="_blank"
    >
      Биллинг
    </Link>
    <span>
       • 
    </span>
    <Link
      href="#/clients/70cea50e-e079-45c3-996c-d65bcb8e7dd2/info-old"
      target="_blank"
    >
      Обзор
    </Link>
  </div>
</div>
`;

exports[`Chat Info Tests Should render UserCardLinks with empty userId 1`] = `
<div>
  <h4>
    Карточка пользователя
  </h4>
  <div>
    <Link
      href="#/clients//info"
      target="_blank"
    >
      КЦ
    </Link>
    <span>
       • 
    </span>
    <Link
      href="#/clients//sessions"
      target="_blank"
    >
      Сессии
    </Link>
    <span>
       • 
    </span>
    <Link
      href="#/clients//bonuses"
      target="_blank"
    >
      Бонусы
    </Link>
    <span>
       • 
    </span>
    <Link
      href="#/clients//billing"
      target="_blank"
    >
      Биллинг
    </Link>
    <span>
       • 
    </span>
    <Link
      href="#/clients//info-old"
      target="_blank"
    >
      Обзор
    </Link>
  </div>
</div>
`;
