// Jest Snapshot v1, https://goo.gl/fbAQLP

exports[`enterFullscreen 1`] = `[Function]`;

exports[`exitFullscreen 1`] = `[Function]`;
