<?xml version="1.0" encoding="UTF-8"?>
<dataset>
    <measurement_audit
            id="1"
            partner_id="1"
            partner_sku="sku1"
            type="GET_SCORE"
            payload='{"dimensions": {"width": 110.0, "height": 210.0, "length": 310.0, "weightGross": 1110.0, "weightNett": null, "weightTare": null }, "comment":"Comment"}'
    />
    <measurement_audit
            id="2"
            partner_id="1"
            partner_sku="sku2"
            type="GET_SCORE"
            payload='{"dimensions": {"width": null, "height": 510.0, "length": 610.0, "weightGross": null, "weightNett": null, "weightTare": null }, "comment":""}'
    />
</dataset>