[{"author_id":"1","author_type":"BRAND","views_count":6},{"author_id":"2","author_type":"BUSINESS","views_count":3}]
