// Jest Snapshot v1, https://goo.gl/fbAQLP

exports[`Блок Description Соответствует снепшоту 1`] = `
<div
  className="turbo-description unit unit_text_s description"
>
  <div
    className="content"
  >
    Случайный контент
  </div>
  <DescriptionMeta>
    <div
      className="date"
    >
      29.10.2020
    </div>
    <div
      className="sociality-controls"
    >
      stub
    </div>
  </DescriptionMeta>
</div>
`;
