<?xml version="1.0" encoding="UTF-8"?>
<dataset>

    <sku id="10000"
         sku="sku0"
         vendor_id="12"
         warehouse_id="1"
         updated="2018-04-18 10:23:52.681883"
         created="2018-04-18 10:23:52.681883"
         synced="2018-04-18 10:23:52.681883"
         refilled="2018-03-09 00:00:00.000000"
         height="123"
         length="123"
         width="123"
         weight_gross="123"
         enabled="true"/>

    <sku id="10001"
         sku="sku1"
         vendor_id="12"
         warehouse_id="1"
         updated="2018-04-18 10:23:52.681883"
         created="2018-04-18 10:23:52.681883"
         synced="2018-04-18 10:23:52.681883"
         refilled="2018-03-10 00:00:00.000000"
         height="123"
         length="123"
         width="123"
         weight_gross="123"
         enabled="true"/>

    <stock id="10002"
           sku_id="10000"
           type="FIT"
           ff_updated="2018-03-09 00:00:00.000000"
           amount="100000"
           freeze_amount="100000"/>

    <stock id="10003"
           sku_id="10000"
           type="DEFECT"
           ff_updated="2018-03-09 00:00:00.000000"
           amount="100000"
           freeze_amount="0"/>

    <stock id="10004"
           sku_id="10000"
           type="QUARANTINE"
           ff_updated="2018-03-09 00:00:00.000000"
           amount="100000"
           freeze_amount="0"/>

    <stock id="10005"
           sku_id="10001"
           type="FIT"
           ff_updated="2018-03-09 00:00:00.000000"
           amount="100000"
           freeze_amount="0"/>

    <stock id="10006"
           sku_id="10001"
           type="DEFECT"
           ff_updated="2018-03-09 00:00:00.000000"
           amount="100000"
           freeze_amount="0"/>

    <stock id="10007"
           sku_id="10001"
           type="QUARANTINE"
           ff_updated="2018-03-09 00:00:00.000000"
           amount="100000"
           freeze_amount="0"/>

    <stock_freeze reason_id="1231" reason_type="ORDER" stock_id="10002" deleted="false" amount="20000"
                  freeze_version="0"/>
    <stock_freeze reason_id="1232" reason_type="ORDER" stock_id="10002" deleted="false" amount="20000"
                  freeze_version="0"/>
    <stock_freeze reason_id="1233" reason_type="ORDER" stock_id="10002" deleted="false" amount="20000"
                  freeze_version="0"/>
    <stock_freeze reason_id="1234" reason_type="ORDER" stock_id="10002" deleted="false" amount="20000"
                  freeze_version="0"/>
    <stock_freeze reason_id="1235" reason_type="ORDER" stock_id="10002" deleted="false" amount="20000"
                  freeze_version="0"/>






    <execution_queue
            type="CHANGED_STOCKS_AMOUNT_EVENT"
            created="2018-01-01 00:00:00.0"
            execute_after="2018-01-01 00:00:00.00"
            uuid="23ddcbe492abd47d3ecf2761c82ee072828cf27dcfac4c8c63d06b33fd3abcb0"
            payload='{"unitIds": [
                {"sku": "sku0", "vendorId": 12, "warehouseId": 1}
            ]}'/>

    <execution_queue
            type="CHANGED_AVAILABILITY_EVENT"
            created="2018-01-01 00:00:00.0"
            execute_after="2018-01-01 00:00:00.00"
            uuid="23ddcbe492abd47d3ecf2761c82ee072828cf27dcfac4c8c63d06b33fd3abcb0"
            payload='{"unitIds": [
                {"sku": "sku0", "vendorId": 12, "warehouseId": 1}
            ]}'/>

    <execution_queue
            type="CHANGED_ANY_TYPE_OF_STOCKS_AMOUNT_EVENT"
            created="2018-01-01 00:00:00.0"
            execute_after="2018-01-01 00:00:00.00"
            uuid="23ddcbe492abd47d3ecf2761c82ee072828cf27dcfac4c8c63d06b33fd3abcb0"
            payload='{"unitIds": [
                {"sku": "sku0", "vendorId": 12, "warehouseId": 1}
            ]}'/>

    <event_audit target_type="SKU" type="STOCK_FREEZE_APPLIED" created="2018-01-01 00:00:00"/>
    <event_audit target_type="FREEZE" type="FREEZE_SUCCESSFUL" created="2018-01-01 00:00:00"/>

    <event_audit target_type="SKU" type="STOCK_FREEZE_APPLIED" created="2018-01-01 00:00:00"/>
    <event_audit target_type="FREEZE" type="FREEZE_SUCCESSFUL" created="2018-01-01 00:00:00"/>


    <event_audit target_type="SKU" type="STOCK_FREEZE_APPLIED" created="2018-01-01 00:00:00"/>
    <event_audit target_type="FREEZE" type="FREEZE_SUCCESSFUL" created="2018-01-01 00:00:00"/>

    <event_audit target_type="SKU" type="STOCK_FREEZE_APPLIED" created="2018-01-01 00:00:00"/>
    <event_audit target_type="FREEZE" type="FREEZE_SUCCESSFUL" created="2018-01-01 00:00:00"/>

    <event_audit target_type="SKU" type="STOCK_FREEZE_APPLIED" created="2018-01-01 00:00:00"/>
    <event_audit target_type="FREEZE" type="FREEZE_SUCCESSFUL" created="2018-01-01 00:00:00"/>


</dataset>
