<?xml version="1.0" encoding="UTF-8"?>
<dataset>
    <order_info yandex_id="599984" order_id="EXT66176060" delivery_id="0"/>
</dataset>
