// Jest Snapshot v1, https://goo.gl/fbAQLP

exports[`login-button l10n & tld key base, tld by, lang be 1`] = `"<a class=\\"login-button login-button_theme_link\\" href=\\"https://passport.yandex.by/auth?retpath=https%3A%2F%2Fyandex.ru&amp;origin=_touch_auth\\" target=\\"_parent\\">Увайсці</a>"`;

exports[`login-button l10n & tld key base, tld com, lang en 1`] = `"<a class=\\"login-button login-button_theme_link\\" href=\\"https://passport.yandex.com/auth?retpath=https%3A%2F%2Fyandex.ru&amp;origin=_touch_auth\\" target=\\"_parent\\">Log in</a>"`;

exports[`login-button l10n & tld key base, tld com, lang id 1`] = `"<a class=\\"login-button login-button_theme_link\\" href=\\"https://passport.yandex.com/auth?retpath=https%3A%2F%2Fyandex.ru&amp;origin=_touch_auth\\" target=\\"_parent\\">Log in</a>"`;

exports[`login-button l10n & tld key base, tld com.tr, lang tr 1`] = `"<a class=\\"login-button login-button_theme_link\\" href=\\"https://passport.yandex.com.tr/auth?retpath=https%3A%2F%2Fyandex.ru&amp;origin=_touch_auth\\" target=\\"_parent\\">Giriş yap</a>"`;

exports[`login-button l10n & tld key base, tld eu, lang ru 1`] = `"<a class=\\"login-button login-button_theme_link\\" href=\\"https://passport.yandex.eu/auth?retpath=https%3A%2F%2Fyandex.ru&amp;origin=_touch_auth\\" target=\\"_parent\\">Войти</a>"`;

exports[`login-button l10n & tld key base, tld fi, lang en 1`] = `"<a class=\\"login-button login-button_theme_link\\" href=\\"https://passport.yandex.fi/auth?retpath=https%3A%2F%2Fyandex.ru&amp;origin=_touch_auth\\" target=\\"_parent\\">Log in</a>"`;

exports[`login-button l10n & tld key base, tld kz, lang kk 1`] = `"<a class=\\"login-button login-button_theme_link\\" href=\\"https://passport.yandex.kz/auth?retpath=https%3A%2F%2Fyandex.ru&amp;origin=_touch_auth\\" target=\\"_parent\\">Кіру</a>"`;

exports[`login-button l10n & tld key base, tld lt, lang lt 1`] = `"<a class=\\"login-button login-button_theme_link\\" href=\\"https://passport.yandex.lt/auth?retpath=https%3A%2F%2Fyandex.ru&amp;origin=_touch_auth\\" target=\\"_parent\\">Log in</a>"`;

exports[`login-button l10n & tld key base, tld pl, lang en 1`] = `"<a class=\\"login-button login-button_theme_link\\" href=\\"https://passport.yandex.pl/auth?retpath=https%3A%2F%2Fyandex.ru&amp;origin=_touch_auth\\" target=\\"_parent\\">Log in</a>"`;

exports[`login-button l10n & tld key base, tld ru, lang ru 1`] = `"<a class=\\"login-button login-button_theme_link\\" href=\\"https://passport.yandex.ru/auth?retpath=https%3A%2F%2Fyandex.ru&amp;origin=_touch_auth\\" target=\\"_parent\\">Войти</a>"`;

exports[`login-button l10n & tld key base, tld ua, lang uk 1`] = `"<a class=\\"login-button login-button_theme_link\\" href=\\"https://passport.yandex.ua/auth?retpath=https%3A%2F%2Fyandex.ru&amp;origin=_touch_auth\\" target=\\"_parent\\">Увійти</a>"`;

exports[`login-button l10n & tld key base, tld uz, lang uz 1`] = `"<a class=\\"login-button login-button_theme_link\\" href=\\"https://passport.yandex.uz/auth?retpath=https%3A%2F%2Fyandex.ru&amp;origin=_touch_auth\\" target=\\"_parent\\">Kirish</a>"`;

exports[`login-button l10n & tld key button, tld by, lang be 1`] = `"<a class=\\"login-button login-button_theme_action\\" href=\\"https://passport.yandex.by/auth?retpath=https%3A%2F%2Fyandex.ru&amp;origin=header\\" target=\\"_parent\\"><span class=\\"login-button__text\\">Увайсці</span></a>"`;

exports[`login-button l10n & tld key button, tld com, lang en 1`] = `"<a class=\\"login-button login-button_theme_action\\" href=\\"https://passport.yandex.com/auth?retpath=https%3A%2F%2Fyandex.ru&amp;origin=header\\" target=\\"_parent\\"><span class=\\"login-button__text\\">Log in</span></a>"`;

exports[`login-button l10n & tld key button, tld com, lang id 1`] = `"<a class=\\"login-button login-button_theme_action\\" href=\\"https://passport.yandex.com/auth?retpath=https%3A%2F%2Fyandex.ru&amp;origin=header\\" target=\\"_parent\\"><span class=\\"login-button__text\\">Log in</span></a>"`;

exports[`login-button l10n & tld key button, tld com.tr, lang tr 1`] = `"<a class=\\"login-button login-button_theme_action\\" href=\\"https://passport.yandex.com.tr/auth?retpath=https%3A%2F%2Fyandex.ru&amp;origin=header\\" target=\\"_parent\\"><span class=\\"login-button__text\\">Giriş yap</span></a>"`;

exports[`login-button l10n & tld key button, tld eu, lang ru 1`] = `"<a class=\\"login-button login-button_theme_action\\" href=\\"https://passport.yandex.eu/auth?retpath=https%3A%2F%2Fyandex.ru&amp;origin=header\\" target=\\"_parent\\"><span class=\\"login-button__text\\">Войти</span></a>"`;

exports[`login-button l10n & tld key button, tld fi, lang en 1`] = `"<a class=\\"login-button login-button_theme_action\\" href=\\"https://passport.yandex.fi/auth?retpath=https%3A%2F%2Fyandex.ru&amp;origin=header\\" target=\\"_parent\\"><span class=\\"login-button__text\\">Log in</span></a>"`;

exports[`login-button l10n & tld key button, tld kz, lang kk 1`] = `"<a class=\\"login-button login-button_theme_action\\" href=\\"https://passport.yandex.kz/auth?retpath=https%3A%2F%2Fyandex.ru&amp;origin=header\\" target=\\"_parent\\"><span class=\\"login-button__text\\">Кіру</span></a>"`;

exports[`login-button l10n & tld key button, tld lt, lang lt 1`] = `"<a class=\\"login-button login-button_theme_action\\" href=\\"https://passport.yandex.lt/auth?retpath=https%3A%2F%2Fyandex.ru&amp;origin=header\\" target=\\"_parent\\"><span class=\\"login-button__text\\">Log in</span></a>"`;

exports[`login-button l10n & tld key button, tld pl, lang en 1`] = `"<a class=\\"login-button login-button_theme_action\\" href=\\"https://passport.yandex.pl/auth?retpath=https%3A%2F%2Fyandex.ru&amp;origin=header\\" target=\\"_parent\\"><span class=\\"login-button__text\\">Log in</span></a>"`;

exports[`login-button l10n & tld key button, tld ru, lang ru 1`] = `"<a class=\\"login-button login-button_theme_action\\" href=\\"https://passport.yandex.ru/auth?retpath=https%3A%2F%2Fyandex.ru&amp;origin=header\\" target=\\"_parent\\"><span class=\\"login-button__text\\">Войти</span></a>"`;

exports[`login-button l10n & tld key button, tld ua, lang uk 1`] = `"<a class=\\"login-button login-button_theme_action\\" href=\\"https://passport.yandex.ua/auth?retpath=https%3A%2F%2Fyandex.ru&amp;origin=header\\" target=\\"_parent\\"><span class=\\"login-button__text\\">Увійти</span></a>"`;

exports[`login-button l10n & tld key button, tld uz, lang uz 1`] = `"<a class=\\"login-button login-button_theme_action\\" href=\\"https://passport.yandex.uz/auth?retpath=https%3A%2F%2Fyandex.ru&amp;origin=header\\" target=\\"_parent\\"><span class=\\"login-button__text\\">Kirish</span></a>"`;

exports[`login-button l10n & tld key button-pic, tld by, lang be 1`] = `"<a class=\\"login-button login-button_theme_action login-button_pic_yes\\" href=\\"https://passport.yandex.by/auth?retpath=https%3A%2F%2Fyandex.ru&amp;origin=header\\" target=\\"_parent\\"><svg width=\\"16\\" height=\\"20\\" fill=\\"none\\" xmlns=\\"http://www.w3.org/2000/svg\\"><path fill-rule=\\"evenodd\\" clip-rule=\\"evenodd\\" d=\\"M11.75 5.219c0 2.663-1.608 4.948-3.75 4.948-2.144 0-3.75-2.285-3.75-4.948C4.25 2.556 5.631 1 8 1c2.366 0 3.75 1.556 3.75 4.219zm-10.332 10.9c.32.381 1.702 1.548 6.581 1.548 4.88 0 6.26-1.167 6.582-1.548a.346.346 0 0 0 .076-.264c-.075-.735-.737-4.022-6.658-4.022-5.92 0-6.583 3.287-6.657 4.022-.01.097.013.19.076.264z\\" fill=\\"#000\\"/></svg><span class=\\"login-button__text\\">Увайсці</span></a>"`;

exports[`login-button l10n & tld key button-pic, tld com, lang en 1`] = `"<a class=\\"login-button login-button_theme_action login-button_pic_yes\\" href=\\"https://passport.yandex.com/auth?retpath=https%3A%2F%2Fyandex.ru&amp;origin=header\\" target=\\"_parent\\"><svg width=\\"16\\" height=\\"20\\" fill=\\"none\\" xmlns=\\"http://www.w3.org/2000/svg\\"><path fill-rule=\\"evenodd\\" clip-rule=\\"evenodd\\" d=\\"M11.75 5.219c0 2.663-1.608 4.948-3.75 4.948-2.144 0-3.75-2.285-3.75-4.948C4.25 2.556 5.631 1 8 1c2.366 0 3.75 1.556 3.75 4.219zm-10.332 10.9c.32.381 1.702 1.548 6.581 1.548 4.88 0 6.26-1.167 6.582-1.548a.346.346 0 0 0 .076-.264c-.075-.735-.737-4.022-6.658-4.022-5.92 0-6.583 3.287-6.657 4.022-.01.097.013.19.076.264z\\" fill=\\"#000\\"/></svg><span class=\\"login-button__text\\">Log in</span></a>"`;

exports[`login-button l10n & tld key button-pic, tld com, lang id 1`] = `"<a class=\\"login-button login-button_theme_action login-button_pic_yes\\" href=\\"https://passport.yandex.com/auth?retpath=https%3A%2F%2Fyandex.ru&amp;origin=header\\" target=\\"_parent\\"><svg width=\\"16\\" height=\\"20\\" fill=\\"none\\" xmlns=\\"http://www.w3.org/2000/svg\\"><path fill-rule=\\"evenodd\\" clip-rule=\\"evenodd\\" d=\\"M11.75 5.219c0 2.663-1.608 4.948-3.75 4.948-2.144 0-3.75-2.285-3.75-4.948C4.25 2.556 5.631 1 8 1c2.366 0 3.75 1.556 3.75 4.219zm-10.332 10.9c.32.381 1.702 1.548 6.581 1.548 4.88 0 6.26-1.167 6.582-1.548a.346.346 0 0 0 .076-.264c-.075-.735-.737-4.022-6.658-4.022-5.92 0-6.583 3.287-6.657 4.022-.01.097.013.19.076.264z\\" fill=\\"#000\\"/></svg><span class=\\"login-button__text\\">Log in</span></a>"`;

exports[`login-button l10n & tld key button-pic, tld com.tr, lang tr 1`] = `"<a class=\\"login-button login-button_theme_action login-button_pic_yes\\" href=\\"https://passport.yandex.com.tr/auth?retpath=https%3A%2F%2Fyandex.ru&amp;origin=header\\" target=\\"_parent\\"><svg width=\\"16\\" height=\\"20\\" fill=\\"none\\" xmlns=\\"http://www.w3.org/2000/svg\\"><path fill-rule=\\"evenodd\\" clip-rule=\\"evenodd\\" d=\\"M11.75 5.219c0 2.663-1.608 4.948-3.75 4.948-2.144 0-3.75-2.285-3.75-4.948C4.25 2.556 5.631 1 8 1c2.366 0 3.75 1.556 3.75 4.219zm-10.332 10.9c.32.381 1.702 1.548 6.581 1.548 4.88 0 6.26-1.167 6.582-1.548a.346.346 0 0 0 .076-.264c-.075-.735-.737-4.022-6.658-4.022-5.92 0-6.583 3.287-6.657 4.022-.01.097.013.19.076.264z\\" fill=\\"#000\\"/></svg><span class=\\"login-button__text\\">Giriş yap</span></a>"`;

exports[`login-button l10n & tld key button-pic, tld eu, lang ru 1`] = `"<a class=\\"login-button login-button_theme_action login-button_pic_yes\\" href=\\"https://passport.yandex.eu/auth?retpath=https%3A%2F%2Fyandex.ru&amp;origin=header\\" target=\\"_parent\\"><svg width=\\"16\\" height=\\"20\\" fill=\\"none\\" xmlns=\\"http://www.w3.org/2000/svg\\"><path fill-rule=\\"evenodd\\" clip-rule=\\"evenodd\\" d=\\"M11.75 5.219c0 2.663-1.608 4.948-3.75 4.948-2.144 0-3.75-2.285-3.75-4.948C4.25 2.556 5.631 1 8 1c2.366 0 3.75 1.556 3.75 4.219zm-10.332 10.9c.32.381 1.702 1.548 6.581 1.548 4.88 0 6.26-1.167 6.582-1.548a.346.346 0 0 0 .076-.264c-.075-.735-.737-4.022-6.658-4.022-5.92 0-6.583 3.287-6.657 4.022-.01.097.013.19.076.264z\\" fill=\\"#000\\"/></svg><span class=\\"login-button__text\\">Войти</span></a>"`;

exports[`login-button l10n & tld key button-pic, tld fi, lang en 1`] = `"<a class=\\"login-button login-button_theme_action login-button_pic_yes\\" href=\\"https://passport.yandex.fi/auth?retpath=https%3A%2F%2Fyandex.ru&amp;origin=header\\" target=\\"_parent\\"><svg width=\\"16\\" height=\\"20\\" fill=\\"none\\" xmlns=\\"http://www.w3.org/2000/svg\\"><path fill-rule=\\"evenodd\\" clip-rule=\\"evenodd\\" d=\\"M11.75 5.219c0 2.663-1.608 4.948-3.75 4.948-2.144 0-3.75-2.285-3.75-4.948C4.25 2.556 5.631 1 8 1c2.366 0 3.75 1.556 3.75 4.219zm-10.332 10.9c.32.381 1.702 1.548 6.581 1.548 4.88 0 6.26-1.167 6.582-1.548a.346.346 0 0 0 .076-.264c-.075-.735-.737-4.022-6.658-4.022-5.92 0-6.583 3.287-6.657 4.022-.01.097.013.19.076.264z\\" fill=\\"#000\\"/></svg><span class=\\"login-button__text\\">Log in</span></a>"`;

exports[`login-button l10n & tld key button-pic, tld kz, lang kk 1`] = `"<a class=\\"login-button login-button_theme_action login-button_pic_yes\\" href=\\"https://passport.yandex.kz/auth?retpath=https%3A%2F%2Fyandex.ru&amp;origin=header\\" target=\\"_parent\\"><svg width=\\"16\\" height=\\"20\\" fill=\\"none\\" xmlns=\\"http://www.w3.org/2000/svg\\"><path fill-rule=\\"evenodd\\" clip-rule=\\"evenodd\\" d=\\"M11.75 5.219c0 2.663-1.608 4.948-3.75 4.948-2.144 0-3.75-2.285-3.75-4.948C4.25 2.556 5.631 1 8 1c2.366 0 3.75 1.556 3.75 4.219zm-10.332 10.9c.32.381 1.702 1.548 6.581 1.548 4.88 0 6.26-1.167 6.582-1.548a.346.346 0 0 0 .076-.264c-.075-.735-.737-4.022-6.658-4.022-5.92 0-6.583 3.287-6.657 4.022-.01.097.013.19.076.264z\\" fill=\\"#000\\"/></svg><span class=\\"login-button__text\\">Кіру</span></a>"`;

exports[`login-button l10n & tld key button-pic, tld lt, lang lt 1`] = `"<a class=\\"login-button login-button_theme_action login-button_pic_yes\\" href=\\"https://passport.yandex.lt/auth?retpath=https%3A%2F%2Fyandex.ru&amp;origin=header\\" target=\\"_parent\\"><svg width=\\"16\\" height=\\"20\\" fill=\\"none\\" xmlns=\\"http://www.w3.org/2000/svg\\"><path fill-rule=\\"evenodd\\" clip-rule=\\"evenodd\\" d=\\"M11.75 5.219c0 2.663-1.608 4.948-3.75 4.948-2.144 0-3.75-2.285-3.75-4.948C4.25 2.556 5.631 1 8 1c2.366 0 3.75 1.556 3.75 4.219zm-10.332 10.9c.32.381 1.702 1.548 6.581 1.548 4.88 0 6.26-1.167 6.582-1.548a.346.346 0 0 0 .076-.264c-.075-.735-.737-4.022-6.658-4.022-5.92 0-6.583 3.287-6.657 4.022-.01.097.013.19.076.264z\\" fill=\\"#000\\"/></svg><span class=\\"login-button__text\\">Log in</span></a>"`;

exports[`login-button l10n & tld key button-pic, tld pl, lang en 1`] = `"<a class=\\"login-button login-button_theme_action login-button_pic_yes\\" href=\\"https://passport.yandex.pl/auth?retpath=https%3A%2F%2Fyandex.ru&amp;origin=header\\" target=\\"_parent\\"><svg width=\\"16\\" height=\\"20\\" fill=\\"none\\" xmlns=\\"http://www.w3.org/2000/svg\\"><path fill-rule=\\"evenodd\\" clip-rule=\\"evenodd\\" d=\\"M11.75 5.219c0 2.663-1.608 4.948-3.75 4.948-2.144 0-3.75-2.285-3.75-4.948C4.25 2.556 5.631 1 8 1c2.366 0 3.75 1.556 3.75 4.219zm-10.332 10.9c.32.381 1.702 1.548 6.581 1.548 4.88 0 6.26-1.167 6.582-1.548a.346.346 0 0 0 .076-.264c-.075-.735-.737-4.022-6.658-4.022-5.92 0-6.583 3.287-6.657 4.022-.01.097.013.19.076.264z\\" fill=\\"#000\\"/></svg><span class=\\"login-button__text\\">Log in</span></a>"`;

exports[`login-button l10n & tld key button-pic, tld ru, lang ru 1`] = `"<a class=\\"login-button login-button_theme_action login-button_pic_yes\\" href=\\"https://passport.yandex.ru/auth?retpath=https%3A%2F%2Fyandex.ru&amp;origin=header\\" target=\\"_parent\\"><svg width=\\"16\\" height=\\"20\\" fill=\\"none\\" xmlns=\\"http://www.w3.org/2000/svg\\"><path fill-rule=\\"evenodd\\" clip-rule=\\"evenodd\\" d=\\"M11.75 5.219c0 2.663-1.608 4.948-3.75 4.948-2.144 0-3.75-2.285-3.75-4.948C4.25 2.556 5.631 1 8 1c2.366 0 3.75 1.556 3.75 4.219zm-10.332 10.9c.32.381 1.702 1.548 6.581 1.548 4.88 0 6.26-1.167 6.582-1.548a.346.346 0 0 0 .076-.264c-.075-.735-.737-4.022-6.658-4.022-5.92 0-6.583 3.287-6.657 4.022-.01.097.013.19.076.264z\\" fill=\\"#000\\"/></svg><span class=\\"login-button__text\\">Войти</span></a>"`;

exports[`login-button l10n & tld key button-pic, tld ua, lang uk 1`] = `"<a class=\\"login-button login-button_theme_action login-button_pic_yes\\" href=\\"https://passport.yandex.ua/auth?retpath=https%3A%2F%2Fyandex.ru&amp;origin=header\\" target=\\"_parent\\"><svg width=\\"16\\" height=\\"20\\" fill=\\"none\\" xmlns=\\"http://www.w3.org/2000/svg\\"><path fill-rule=\\"evenodd\\" clip-rule=\\"evenodd\\" d=\\"M11.75 5.219c0 2.663-1.608 4.948-3.75 4.948-2.144 0-3.75-2.285-3.75-4.948C4.25 2.556 5.631 1 8 1c2.366 0 3.75 1.556 3.75 4.219zm-10.332 10.9c.32.381 1.702 1.548 6.581 1.548 4.88 0 6.26-1.167 6.582-1.548a.346.346 0 0 0 .076-.264c-.075-.735-.737-4.022-6.658-4.022-5.92 0-6.583 3.287-6.657 4.022-.01.097.013.19.076.264z\\" fill=\\"#000\\"/></svg><span class=\\"login-button__text\\">Увійти</span></a>"`;

exports[`login-button l10n & tld key button-pic, tld uz, lang uz 1`] = `"<a class=\\"login-button login-button_theme_action login-button_pic_yes\\" href=\\"https://passport.yandex.uz/auth?retpath=https%3A%2F%2Fyandex.ru&amp;origin=header\\" target=\\"_parent\\"><svg width=\\"16\\" height=\\"20\\" fill=\\"none\\" xmlns=\\"http://www.w3.org/2000/svg\\"><path fill-rule=\\"evenodd\\" clip-rule=\\"evenodd\\" d=\\"M11.75 5.219c0 2.663-1.608 4.948-3.75 4.948-2.144 0-3.75-2.285-3.75-4.948C4.25 2.556 5.631 1 8 1c2.366 0 3.75 1.556 3.75 4.219zm-10.332 10.9c.32.381 1.702 1.548 6.581 1.548 4.88 0 6.26-1.167 6.582-1.548a.346.346 0 0 0 .076-.264c-.075-.735-.737-4.022-6.658-4.022-5.92 0-6.583 3.287-6.657 4.022-.01.097.013.19.076.264z\\" fill=\\"#000\\"/></svg><span class=\\"login-button__text\\">Kirish</span></a>"`;
