// Jest Snapshot v1, https://goo.gl/fbAQLP

exports[`Exp3 Initialization 1`] = `
Object {
  "configs": Object {},
  "experiments": Object {},
}
`;

exports[`Exp3 Initialization 2`] = `
Object {
  "configs": Object {
    "restapp_bundle_update_interval": Object {
      "interval": 300,
    },
    "restapp_common": Object {
      "configsPollInterval": 600000,
    },
    "restapp_communications": Object {
      "enabled": false,
    },
    "restapp_discounts": Object {
      "enabled": false,
      "roles": Array [
        "ROLE_MANAGER",
      ],
    },
    "restapp_logs": Object {
      "requestInterval": 1000,
    },
    "restapp_menu_sufficient_photo_widget": Object {
      "enabled": true,
      "sufficient_photo_percent": 75,
    },
    "restapp_place_edit": Object {
      "address_editable": false,
      "enabled": false,
      "name_editable": false,
    },
    "restapp_push_notifications": Object {
      "history_polling_socket_connected": 360,
      "history_polling_socket_disconnected": 90,
      "orders_polling_socket_connected": 120,
      "orders_polling_socket_disconnected": 30,
    },
    "restapp_site_constructor": Object {
      "constructorBaseUrl": "https://edc-develop.lc-internal.yandex.ru",
      "enabled": false,
    },
  },
  "experiments": Object {
    "restapp_header_help_button": Object {
      "enabled": true,
    },
  },
}
`;
