// Jest Snapshot v1, https://goo.gl/fbAQLP

exports[`Info model found 1`] = `
<div
  className="info"
>
  <div
    className="prices"
  >
     
  </div>
  <img
    alt=""
    className="arrow"
    src={Object {}}
  />
</div>
`;

exports[`Info model not found 1`] = `
<div
  className="info"
>
  <div
    className="prices"
  >
     
  </div>
  <img
    alt=""
    className="arrow"
    src={Object {}}
  />
</div>
`;
