{
    "status": "ERROR",
    "errors": [
        {
            "code": "NOT_FOUND",
            "message": "Cancellation request for order initiated by customer not found"
        }
    ]
}
