[
    {
        "header": {
            "businessId": 10614662,
            "partnerPlacementProgramType": "FULFILLMENT",
            "partnerId": 501,
            "partnerName": "someShop",
            "inn": null,
            "placementContract": null,
            "promotionContract": null,
            "partnerNameAndPlacement": "someShop FBY"
        },
        "orderId": 47375313,
        "orderNum": null,
        "orderCreationDate": [
            2021,
            5,
            19
        ],
        "orderStatus": "Доставлен",
        "all": 0.00,
        "incomeWithSubsidy": 14350.0000,
        "incomeWithoutServices": 14350.0000,
        "incomeWithoutSubsidy": 12735.00,
        "paymentStatus": "Платеж переведен",
        "paymentBatchId": "44729",
        "saleCommission": 0.00,
        "warehouseHandling": 0.00,
        "installment": 0.00,
        "delivery": 0.00,
        "expressDelivery": 0.00,
        "transferPayment": 0.00,
        "sortCenterHandling": 0.00,
        "resupplyHandling": 0.00,
        "returnResupply": 0.00,
        "loyaltyProgram": 0.00,
        "cpaAuctionPromotion": 0.00
    }
]
