{
    "contactId": 3,
    "uid": 30,
    "login": "pupkin30",
    "emails": [
        {
            "id": 10,
            "email": "spbtester@yandex.ru",
            "passport": true
        },
        {
            "id": 9,
            "email": "first@mail.ru",
            "passport": false
        },
        {
            "id": 11,
            "email": "pupkin30@yandex.ru",
            "passport": false
        }
    ],
    "businessRoles": [],
    "hasBalanceAccess": false,
    "contactInfo": {
        "firstName": "Василий"
    },
    "contactStatus": "OK"
}
