// Jest Snapshot v1, https://goo.gl/fbAQLP

exports[`TemplatesMenu base render with stub renders ui 1`] = `
<div>
  <div
    class="TemplatesMenu"
  >
    <div
      class="TemplatesMenu__list"
    >
      <span
        class="RadioButton RadioButton_size_s RadioButton_view_default CRMRadioButton_width_max"
        role="radiogroup"
      >
        <div
          class="RadioButton-Plate"
          hidden=""
        />
        <label
          class="RadioButton-Radio RadioButton-Radio_checked"
        >
          <input
            autocomplete="off"
            checked=""
            class="RadioButton-Control"
            name="xuniq-0-1"
            type="radio"
            value="type_1"
          />
          <div
            class="RadioButton-Content"
          >
            Type 1
          </div>
        </label>
        <label
          class="RadioButton-Radio"
        >
          <input
            autocomplete="off"
            class="RadioButton-Control"
            name="xuniq-0-1"
            type="radio"
            value="type_2"
          />
          <div
            class="RadioButton-Content"
          >
            Type 2
          </div>
        </label>
      </span>
      <span
        class="Textinput Textinput_view_default Textinput_size_s"
      >
        <input
          aria-invalid="false"
          autocomplete="off"
          class="Textinput-Control"
          data-testid="TextInput"
          placeholder="Поиск"
          type="text"
          value=""
        />
        <span
          class="Textinput-Box"
        />
      </span>
      <div
        aria-multiselectable="false"
        class="Menu Menu_width_max Menu_size_s Menu_view_default"
        view="default"
        width="max"
      >
        <div
          aria-selected="false"
          class="Menu-Item Menu-Item_type_menuitem"
          data-key="item-0"
          id="item-0-0"
          role="menuitem"
        >
          <span
            class="Menu-Text"
          >
            <span
              class="TemplateMenuItem__overlay"
            />
            template name 1
          </span>
        </div>
      </div>
    </div>
  </div>
</div>
`;
