// Jest Snapshot v1, https://goo.gl/fbAQLP

exports[`app/helpers/get-common-store => should map request fields to store 1`] = `
Object {
  "environment": Object {
    "availableLangs": Array [
      "ru",
      "en",
      "uk",
      "tr",
    ],
    "avatarsOrigin": "https://avatars.mdst.yandex.net",
    "balloonMode": false,
    "broMode": false,
    "currentLang": "ru",
    "currentUrl": "https:://disk.yandex.ru/notes",
    "experiments": Object {
      "flags": Object {
        "disk_notes_prod_experiment": true,
      },
      "metrika": "exp-metrika",
    },
    "fullTld": "ru",
    "isWebViewMail360": false,
    "noSaltSk": "generated-no-salt-sk",
    "nonce": "nonce-123",
    "scripts": Object {
      "datasync": undefined,
    },
    "sk": "generated-sk",
    "tld": "ru",
    "usePSHeader": true,
    "windowWidth": undefined,
    "yandexuid": "56789000",
  },
  "errorCode": null,
  "services": Object {
    "disk": "https://disk.yandex.ru",
    "passport": "https://passport.yandex.ru",
  },
  "settings": Object {
    "showDocsInPsHeader": false,
  },
  "ua": Object {
    "BrowserName": "YandexBrowser",
    "OSFamily": "Ubuntu",
  },
  "user": Object {
    "auth": true,
    "id": "12345",
    "name": "%username%",
    "settings": Object {},
  },
}
`;
