<?xml version="1.0"?>
<dataset>
    <INVENTORYHOLD SERIALKEY="6" WHSEID="wmwhse1" INVENTORYHOLDKEY="0000000012" LOC="1-02" LOT="[NULL]" ID="[NULL]" HOLD="1" STATUS="QCREQ" DATEON="2019-01-11 19:17:24.0" WHOON="ad2" DATEOFF="2018-12-12 14:34:11.0" WHOOFF="AD9" ADDDATE="2018-11-28 13:14:38.0" ADDWHO="ad9" EDITDATE="2019-01-11 19:17:24.0" EDITWHO="ad2"/>
    <INVENTORYHOLD SERIALKEY="8" WHSEID="wmwhse1" INVENTORYHOLDKEY="0000000016" LOC="1-10" LOT="[NULL]" ID="[NULL]" HOLD="1" STATUS="OTHER" DATEON="2018-12-05 19:58:01.86" WHOON="LocationFlag" DATEOFF="2018-12-05 19:58:01.86" WHOOFF="wmwhse1" ADDDATE="2018-12-05 19:58:01.86" ADDWHO="LocationFlag" EDITDATE="2018-12-05 19:58:01.86" EDITWHO="LocationFlag"/>
    <INVENTORYHOLD SERIALKEY="11" WHSEID="wmwhse1" INVENTORYHOLDKEY="0000000035" LOC="1-11" LOT="[NULL]" ID="[NULL]" HOLD="0" STATUS="RETURN" DATEON="2020-02-18 16:16:48.0" WHOON="AD9" DATEOFF="2020-02-18 16:17:20.0" WHOOFF="AD9" ADDDATE="2019-01-15 16:06:58.0" ADDWHO="wms-admin" EDITDATE="2020-02-18 16:17:20.0" EDITWHO="AD9"/>
    <INVENTORYHOLD SERIALKEY="12" WHSEID="wmwhse1" INVENTORYHOLDKEY="0000000037" LOC="1-12" LOT="[NULL]" ID="[NULL]" HOLD="1" STATUS="DAMAGE" DATEON="2019-01-15 18:37:44.0" WHOON="AD9" DATEOFF="2019-01-15 18:37:44.0" WHOOFF="AD9" ADDDATE="2019-01-15 18:37:44.0" ADDWHO="AD9" EDITDATE="2019-01-15 18:37:44.0" EDITWHO="AD9"/>
    <INVENTORYHOLD SERIALKEY="14" WHSEID="wmwhse1" INVENTORYHOLDKEY="0000000054" LOC="1-08" LOT="[NULL]" ID="[NULL]" HOLD="0" STATUS="QCREQ" DATEON="2019-01-17 19:10:41.0" WHOON="ad9" DATEOFF="2020-04-01 12:34:56.789" WHOOFF="TEST" ADDDATE="2019-01-17 19:10:41.0" ADDWHO="ad9" EDITDATE="2020-04-01 12:34:56.789" EDITWHO="TEST"/>
    <INVENTORYHOLD SERIALKEY="17" WHSEID="wmwhse1" INVENTORYHOLDKEY="0000000078" LOC="1-14" LOT="[NULL]" ID="[NULL]" HOLD="1" STATUS="QCREQ" DATEON="2020-04-01 12:34:56.789" WHOON="TEST" DATEOFF="2020-04-22 19:35:25.0" WHOOFF="AD3" ADDDATE="2019-01-23 17:05:55.0" ADDWHO="AD9" EDITDATE="2020-04-01 12:34:56.789" EDITWHO="TEST"/>
    <INVENTORYHOLD SERIALKEY="27" WHSEID="wmwhse1" INVENTORYHOLDKEY="0000000059" ID="PLT1111111" LOT="[NULL]" LOC="[NULL]" HOLD="1" STATUS="OK" DATEON="2020-04-01 12:34:56.789" WHOON="TEST" DATEOFF="2019-10-05 04:31:13.0" WHOOFF="ovchinnikov-s" ADDDATE="2019-10-05 04:26:19.0" ADDWHO="ovchinnikov-s" EDITDATE="2020-04-01 12:34:56.789" EDITWHO="TEST" />
    <INVENTORYHOLD SERIALKEY="28" WHSEID="wmwhse1" INVENTORYHOLDKEY="0000000063" ID="PLT0014566" LOT="[NULL]" LOC="[NULL]" HOLD="1" STATUS="OK" DATEON="2020-04-01 12:34:56.789" WHOON="TEST" DATEOFF="2019-10-06 01:45:49.0" WHOOFF="infor_admin" ADDDATE="2019-10-05 22:39:42.0" ADDWHO="valersemenyuk" EDITDATE="2020-04-01 12:34:56.789" EDITWHO="TEST" />
    <INVENTORYHOLD SERIALKEY="162" WHSEID="wmwhse1" INVENTORYHOLDKEY="0000000376" LOT="0000021812" ID="[NULL]" LOC="[NULL]" HOLD="0" STATUS="DAMAGE" DATEON="2019-11-02 18:23:22.0" WHOON="sof-dmivlantip" DATEOFF="2020-04-01 12:34:56.789" WHOOFF="TEST" ADDDATE="2019-11-02 18:23:22.0" ADDWHO="sof-dmivlantip" EDITDATE="2020-04-01 12:34:56.789" EDITWHO="TEST" />
    <INVENTORYHOLD SERIALKEY="163" WHSEID="wmwhse1" INVENTORYHOLDKEY="0000000384" LOT="0000022150" ID="[NULL]" LOC="[NULL]" HOLD="0" STATUS="DAMAGE" DATEON="2019-11-04 05:32:16.0" WHOON="bukharova-les" DATEOFF="2020-04-01 12:34:56.789" WHOOFF="TEST" ADDDATE="2019-11-04 05:32:16.0" ADDWHO="bukharova-les" EDITDATE="2020-04-01 12:34:56.789" EDITWHO="TEST" />
</dataset>