// Jest Snapshot v1, https://goo.gl/fbAQLP

exports[`<LcSearch/> component should render LcSearch 1`] = `

<section id
         class="lc-section lpc-section "
>
  <div class="lc-offsets lc-offsets_padding-top_s lc-offsets_padding-bottom_s">
    <div class="lc-search lc-search_align_center lc-search_yellow Theme Theme_color_yandex-default Theme_root_default">
      <div class="lc-search__content lc-search__content_width_s">
        <form role="search"
              method="GET"
              action="https://yandex.com.tr/search/"
        >
          <input type="hidden"
                 name="site"
                 value="market.yandex.ru"
          >
          <span class="Textinput Textinput_iconRight Textinput_size_m Textinput_view_default">
            <span class="Icon Textinput-Icon Textinput-Icon_side_right lc-search__button-wrapper"
                  aria-hidden="true"
            >
              <button class="lc-search__search-button"
                      type="submit"
              >
                <div class="lc-icon lc-icon_fill-type_fill lc-search__search-icon"
                     size="16"
                >
                  <svg width="16"
                       height="16"
                  >
                    <use xlink:href="#lc-icon__search">
                    </use>
                  </svg>
                </div>
              </button>
            </span>
            <input type="search"
                   aria-invalid="false"
                   autocomplete="off"
                   class="Textinput-Control"
                   name="text"
                   placeholder="Поиск в Маркете"
                   value
            >
            <span class="Textinput-Box">
            </span>
          </span>
        </form>
      </div>
    </div>
  </div>
</section>

`;
