<?xml version="1.0" encoding="UTF-8"?>
<dataset>
    <supplier
        ID="10537861"
        NAME="DROPSHIP"
        DROPSHIP="true"
        FULFILLMENT="false"
        CROSSDOCK="false"
        CLICK_AND_COLLECT="false"
        DSBS="false"
        CPC="false"
    />

    <supplier
        ID="10537913"
        NAME="CROSSDOCK"
        DROPSHIP="false"
        FULFILLMENT="true"
        CROSSDOCK="true"
        CLICK_AND_COLLECT="false"
        DSBS="false"
        CPC="false"
    />
    <supplier
        ID="552977"
        NAME="Hit-cosmetic"
        DROPSHIP="false"
        FULFILLMENT="true"
        CROSSDOCK="true"
        CLICK_AND_COLLECT="false"
        DSBS="false"
        CPC="false"
    />
</dataset>
