// Jest Snapshot v1, https://goo.gl/fbAQLP

exports[`delete_alias_v1 validates: empty name 1`] = `
DirectoryError {
  "code": "invalid_alias",
  "error": Object {
    "code": "invalid_alias",
    "message": "Alias must not be empty",
    "params": Object {
      "alias": "",
      "departmentId": 7,
      "orgId": 100500,
    },
    "type": "INVALID_PARAMS",
  },
  "type": "INVALID_PARAMS",
}
`;
