// Jest Snapshot v1, https://goo.gl/fbAQLP

exports[`happy path 1`] = `
Object {
  "url": "https://example.com/img",
}
`;

exports[`no url 1`] = `
Object {
  "url": undefined,
}
`;
